contact urn:ietf:params:xml:ns:contact-1.0
domain urn:ietf:params:xml:ns:domain-1.0
dsig http://www.w3.org/2000/09/xmldsig#
epp urn:ietf:params:xml:ns:epp-1.0
eppcom urn:ietf:params:xml:ns:eppcom-1.0
fee06 urn:ietf:params:xml:ns:fee-0.6
fee11 urn:ietf:params:xml:ns:fee-0.11
fee12 urn:ietf:params:xml:ns:fee-0.12
host urn:ietf:params:xml:ns:host-1.0
iirdea urn:ietf:params:xml:ns:iirdea-1.0
launch urn:ietf:params:xml:ns:launch-1.0
mark urn:ietf:params:xml:ns:mark-1.0
rde urn:ietf:params:xml:ns:rde-1.0
rdecontact urn:ietf:params:xml:ns:rdeContact-1.0
rdedomain urn:ietf:params:xml:ns:rdeDomain-1.0
rdeeppparams urn:ietf:params:xml:ns:rdeEppParams-1.0
rdeheader urn:ietf:params:xml:ns:rdeHeader-1.0
rdehost urn:ietf:params:xml:ns:rdeHost-1.0
rdeidn urn:ietf:params:xml:ns:rdeIDN-1.0
rdenndn urn:ietf:params:xml:ns:rdeNNDN-1.0
rdenotification urn:ietf:params:xml:ns:rdeNotification-1.0
rdepolicy urn:ietf:params:xml:ns:rdePolicy-1.0
rderegistrar urn:ietf:params:xml:ns:rdeRegistrar-1.0
rdereport urn:ietf:params:xml:ns:rdeReport-1.0
rgp urn:ietf:params:xml:ns:rgp-1.0
secdns urn:ietf:params:xml:ns:secDNS-1.1
smd urn:ietf:params:xml:ns:signedMark-1.0